[raisari.katsudoto.id/181252.html]
[backblue.gif]
[fade.gif]
[index.html]
[katsudoto.id/media/public/70/9789/cover/thumb_md_55402_1646188196_720_720.jpg]
[katsudoto.id/src/jquery.js]
[katsudoto.id/media/kat/favicon.png]
[katsudoto.id/plugin/selectize/dist/css/selectize.default.css]
[katsudoto.id/plugin/flexbin/flexbin.css]
[katsudoto.id/plugin/aos/dist/aos.css]
[katsudoto.id/plugin/lightgallery/dist/css/lightgallery.css]
[raisari.katsudoto.id/index.html]
[katsudoto.id/plugin/fontawesome/css/all.css]
[katsudoto.id/plugin/slick/slick.css]
[katsudoto.id/plugin/modal-video/css/modal-video.min.css]
[katsudoto.id/src/universal1293.css]
[katsudoto.id/src/template/global1293.css]
[katsudoto.id/media/public/70/9789/logo/thumb_lg_60076_1648716399_400_400.png]
[katsudoto.id/media/public/70/9789/couple/thumb_lg_55396_1646186220_600_600.jpg]
[katsudoto.id/src/template/exclusive-101293.css]
[katsudoto.id/media/public/70/9789/couple/thumb_lg_55397_1646186268_600_600.jpg]
[katsudoto.id/media/public/70/9789/story/thumb_lg_55399_1646187228_1400_1400.jpg]
[katsudoto.id/media/public/70/9789/story/thumb_lg_55400_1646187299_1400_1400.jpg]
[katsudoto.id/media/public/70/9789/gallery/thumb_lg_55377_1646185392_1400_1400.jpg]
[katsudoto.id/media/public/70/9789/gallery/thumb_lg_55378_1646185395_1400_1400.jpg]
[katsudoto.id/media/public/70/9789/gallery/thumb_lg_55379_1646185397_1400_1400.jpg]
[katsudoto.id/media/public/70/9789/gallery/thumb_lg_55380_1646185400_1400_1400.jpg]
[katsudoto.id/media/public/70/9789/gallery/thumb_lg_55381_1646185404_1400_1400.jpg]
[katsudoto.id/media/public/70/9789/gallery/thumb_lg_55382_1646185407_1400_1400.jpg]
[img.youtube.com/vi/4efVf1pta0c/hqdefault.jpg]
[katsudoto.id/media/template/protocol/03/mengurangi-interaksi.png]
[katsudoto.id/media/template/protocol/03/memakai-handsanitizer.png]
[katsudoto.id/media/template/protocol/03/menghindari-kerumunan.png]
[katsudoto.id/media/template/protocol/03/memakai-masker.png]
[katsudoto.id/media/template/protocol/03/menjaga-jarak.png]
[katsudoto.id/media/public/70/9789/qr/e-invitation-181252-1646187953.png]
[img.youtube.com/vi/OObOQ2GElhA/hqdefault.jpg]
[katsudoto.id/media/public/70/9789/filter/thumb_lg_107405_1600_1600.jpg]
[katsudoto.id/media/public/70/9789/book/thumb_md_55388_1646185715_300_300.jpg]
[katsudoto.id/plugin/aos/dist/aos.js]
[katsudoto.id/plugin/slick/slick.min.js]
[katsudoto.id/plugin/selectize/dist/js/standalone/selectize.min.js]
[katsudoto.id/plugin/modal-video/js/jquery-modal-video.min.js]
[katsudoto.id/plugin/lightgallery/dist/js/lightgallery.min.js]
[katsudoto.id/src/universal1293.js]
[katsudoto.id/src/template/template1293.js]
[raisari.katsudoto.id/181252.html]
[raisari.katsudoto.id/cdn-cgi/scripts/7d0fa10a/cloudflare-static/rocket-loader.min.js]
[katsudoto.id/src/universal039d.css]
[katsudoto.id/src/template/global039d.css]
[katsudoto.id/src/template/exclusive-10039d.css]
[katsudoto.id/src/universal039d.js]
[raisari.katsudoto.id/index.html]
[www.googletagmanager.com/gtm5445.html]
[katsudoto.id/plugin/selectize/dist/css/selectize.default.css]
[katsudoto.id/plugin/flexbin/flexbin.css]
[katsudoto.id/plugin/aos/dist/aos.css]
[katsudoto.id/src/template/template039d.js]
[katsudoto.id/plugin/lightgallery/dist/img/vimeo-play.png]
[katsudoto.id/plugin/lightgallery/dist/img/video-play.png]
[katsudoto.id/plugin/lightgallery/dist/img/youtube-play.png]
[katsudoto.id/plugin/lightgallery/dist/css/lightgallery.css]
[katsudoto.id/plugin/lightgallery/dist/img/loading.gif]
[katsudoto.id/plugin/fontawesome/css/all.css]
[katsudoto.id/plugin/slick/slick.css]
[katsudoto.id/plugin/modal-video/css/modal-video.min.css]
[katsudoto.id/media/kat/bg-wa-box-fix.jpg]
[katsudoto.id/media/kontak/inner-background.png]
[katsudoto.id/src/universal1293.css]
[katsudoto.id/media/template/icon/gold/01.png]
[katsudoto.id/media/template/icon/gold/02.png]
[katsudoto.id/media/template/icon/gold/03.png]
[katsudoto.id/media/template/icon/gold/04.png]
[katsudoto.id/media/template/icon/gold/05.png]
[katsudoto.id/media/template/icon/gray/01.png]
[katsudoto.id/media/template/icon/gray/02.png]
[katsudoto.id/media/template/icon/gray/03.png]
[katsudoto.id/media/template/icon/gray/04.png]
[katsudoto.id/media/template/icon/gray/05.png]
[katsudoto.id/media/template/icon/light/01.png]
[katsudoto.id/media/template/icon/light/02.png]
[katsudoto.id/media/template/icon/light/03.png]
[katsudoto.id/media/template/icon/light/04.png]
[katsudoto.id/media/template/icon/light/05.png]
[katsudoto.id/media/template/biasa-01/01/flower-01.png]
[katsudoto.id/media/template/biasa-01/01/flower-02.png]
[katsudoto.id/media/template/biasa-01/01/line-01.png]
[katsudoto.id/media/template/biasa-01/01/line-02.png]
[katsudoto.id/media/template/biasa-01/01/line-01-md.png]
[katsudoto.id/media/template/biasa-01/01/line-02-md.png]
[katsudoto.id/media/template/biasa-01/01/orn-01.png]
[katsudoto.id/media/template/biasa-01/01/bg-lg-01.jpg]
[katsudoto.id/media/template/biasa-01/01/bg-md-01.jpg]
[katsudoto.id/media/template/biasa-01/01/bg-sm-01.jpg]
[katsudoto.id/media/template/biasa-01/02/flower-01.png]
[katsudoto.id/media/template/biasa-01/02/flower-02.png]
[katsudoto.id/media/template/biasa-01/02/line-01.png]
[katsudoto.id/media/template/biasa-01/02/line-02.png]
[katsudoto.id/media/template/biasa-01/02/line-01-md.png]
[katsudoto.id/media/template/biasa-01/02/line-02-md.png]
[katsudoto.id/media/template/biasa-01/02/orn-01.png]
[katsudoto.id/media/template/biasa-01/02/bg-lg-01.jpg]
[katsudoto.id/media/template/biasa-01/02/bg-md-01.jpg]
[katsudoto.id/media/template/biasa-01/02/bg-sm-01.jpg]
[katsudoto.id/media/template/biasa-01/03/flower-01.png]
[katsudoto.id/media/template/biasa-01/03/flower-02.png]
[katsudoto.id/media/template/biasa-01/03/line-01.png]
[katsudoto.id/media/template/biasa-01/03/line-02.png]
[katsudoto.id/media/template/biasa-01/03/line-01-md.png]
[katsudoto.id/media/template/biasa-01/03/line-02-md.png]
[katsudoto.id/media/template/biasa-01/03/orn-01.png]
[katsudoto.id/media/template/biasa-01/03/bg-lg-01.jpg]
[katsudoto.id/media/template/biasa-01/03/bg-md-01.jpg]
[katsudoto.id/media/template/biasa-01/03/bg-sm-01.jpg]
[katsudoto.id/media/template/nanda/01/orn-01.png]
[katsudoto.id/media/template/nanda/01/orn-02.png]
[katsudoto.id/media/template/nanda/01/orn-03.png]
[katsudoto.id/media/template/nanda/01/orn-04.png]
[katsudoto.id/media/template/nanda/01/orn-05.png]
[katsudoto.id/media/template/nanda/01/orn-06.png]
[katsudoto.id/media/template/nanda/01/orn-07.png]
[katsudoto.id/media/template/nanda/01/orn-08.png]
[katsudoto.id/media/template/nanda/01/orn-cover-desktop.png]
[katsudoto.id/media/template/nanda/01/orn-cover-tablet.png]
[katsudoto.id/media/template/nanda/01/orn-cover-mobile.png]
[katsudoto.id/media/template/nanda/01/bg-cover.png]
[katsudoto.id/media/template/nanda/01/bg-cover-mobile.png]
[katsudoto.id/media/template/nanda/01/bg-countdown.png]
[katsudoto.id/media/template/nanda/01/bg-groom.png]
[katsudoto.id/media/template/nanda/01/bg-bride.png]
[katsudoto.id/media/template/nanda/01/palace.png]
[katsudoto.id/media/template/details/music.png]
[katsudoto.id/src/template/global1293.css]
[katsudoto.id/src/template/exclusive-101293.css]
[katsudoto.id/src/universal039d.css]
[katsudoto.id/src/template/global039d.css]
[katsudoto.id/src/template/exclusive-10039d.css]
[katsudoto.id/media/template/icon/gold/01.html]
[katsudoto.id/media/template/icon/gold/02.html]
[katsudoto.id/media/template/icon/gold/03.html]
[katsudoto.id/media/template/icon/gold/04.html]
[katsudoto.id/media/template/icon/gold/05.html]
[katsudoto.id/media/template/icon/gray/01.html]
[katsudoto.id/media/template/icon/gray/02.html]
[katsudoto.id/media/template/icon/gray/03.html]
[katsudoto.id/media/template/icon/gray/04.html]
[katsudoto.id/media/template/icon/gray/05.html]
[katsudoto.id/media/template/icon/light/01.html]
[katsudoto.id/media/template/icon/light/02.html]
[katsudoto.id/media/template/icon/light/03.html]
[katsudoto.id/media/template/icon/light/04.html]
[katsudoto.id/media/template/icon/light/05.html]
